
> dms@0.1.0 build
> react-scripts build

Creating an optimized production build...
Compiled successfully.

File sizes after gzip:

  223.63 kB  build\static\js\main.fb49a5a5.js
  46.34 kB   build\static\js\239.4fc6ca50.chunk.js
  42.9 kB    build\static\js\455.3a5744a0.chunk.js
  8.69 kB    build\static\js\977.04be8489.chunk.js
  6.56 kB    build\static\css\main.5016077a.css
  1.76 kB    build\static\js\453.74119168.chunk.js

The project was built assuming it is hosted at /.
You can control this with the homepage field in your package.json.

The build folder is ready to be deployed.
You may serve it with a static server:

  npm install -g serve
  serve -s build

Find out more about deployment here:

  https://cra.link/deployment

